PLINK v1.90b3.30 64-bit (27 Jan 2016)
Options in effect:
  --allow-extra-chr 0
  --file test
  --make-bed
  --out test

Hostname: Karas-MacBook-Pro.local
Working directory: /Users/kjones/Dropbox/github/karajones.github.io
Start time: Thu Aug 31 21:12:04 2017

Random number seed: 1504228324
8192 MB RAM detected; reserving 4096 MB for main workspace.
Scanning .ped file... done.
Performing single-pass .bed write (494 variants, 27 people).
--file: test-temporary.bed + test-temporary.bim + test-temporary.fam written.
494 variants loaded from .bim file.
27 people (0 males, 0 females, 27 ambiguous) loaded from .fam.
Ambiguous sex IDs written to test.nosex .
Using 1 thread (no multithreaded calculations invoked.
Before main variant filters, 27 founders and 0 nonfounders present.
Calculating allele frequencies... done.
Total genotyping rate is 0.98703.
494 variants and 27 people pass filters and QC.
Note: No phenotypes present.
--make-bed to test.bed + test.bim + test.fam ... done.

End time: Thu Aug 31 21:12:04 2017
